#-----------------------------------------------------------
# Vivado v2020.1 (64-bit)
# SW Build 2902540 on Wed May 27 19:54:49 MDT 2020
# IP Build 2902112 on Wed May 27 22:43:36 MDT 2020
# Start of session at: Wed Dec 16 13:03:18 2020
# Process ID: 8892
# Current directory: C:/Users/13677/Desktop/2020 Autumn Semester/Analog and digital circuits/digital project/aaaaa
# Command line: vivado.exe -gui_launcher_event rodinguilauncherevent876 C:\Users\13677\Desktop\2020 Autumn Semester\Analog and digital circuits\digital project\aaaaa\aaaaa.xpr
# Log file: C:/Users/13677/Desktop/2020 Autumn Semester/Analog and digital circuits/digital project/aaaaa/vivado.log
# Journal file: C:/Users/13677/Desktop/2020 Autumn Semester/Analog and digital circuits/digital project/aaaaa\vivado.jou
#-----------------------------------------------------------
start_gui
open_project {C:/Users/13677/Desktop/2020 Autumn Semester/Analog and digital circuits/digital project/aaaaa/aaaaa.xpr}
update_compile_order -fileset sources_1
launch_simulation
source testbench.tcl
current_wave_config {Untitled 1}
add_wave {{/testbench/uut/State}} 
current_wave_config {Untitled 1}
add_wave {{/testbench/uut/NextState}} 
current_wave_config {Untitled 1}
add_wave {{/testbench/uut/Delay_counter}} 
relaunch_sim
set_property -name {xsim.simulate.runtime} -value {250ns} -objects [get_filesets sim_1]
close_sim
launch_simulation
source testbench.tcl
current_wave_config {Untitled 2}
add_wave {{/testbench/uut/State}} 
current_wave_config {Untitled 2}
add_wave {{/testbench/uut/NextState}} 
current_wave_config {Untitled 2}
add_wave {{/testbench/uut/Delay_counter}} 
relaunch_sim
restart
run 10 ns
run 10 ns
run 10 ns
step
step
step
step
step
step
step
step
step
step
step
step
step
step
step
run 10 ns
step
step
step
step
step
step
step
step
step
step
step
step
step
step
restart
run 10 ns
run 10 ns
run 10 ns
run 10 ns
run 10 ns
run 10 ns
run 10 ns
run 10 ns
run 10 ns
run 10 ns
run 10 ns
run 10 ns
restart
run 10 ns
run 10 ns
run 10 ns
run 10 ns
run 10 ns
run 10 ns
run 10 ns
run 10 ns
run 10 ns
run 10 ns
run 10 ns
run 10 ns
run 10 ns
run 10 ns
restart
restart
run 10 ns
run 10 ns
run 10 ns
step
step
step
step
step
step
step
step
step
step
step
step
step
step
step
step
step
step
step
step
step
step
step
step
step
step
step
step
step
step
step
step
step
step
step
step
step
step
step
step
step
restart
run 10 ns
run 10 ns
step
step
step
step
step
step
step
step
step
step
step
step
step
step
step
step
step
step
step
step
step
step
step
step
step
step
step
step
step
step
step
step
step
step
relaunch_sim
close_sim
launch_simulation
source testbench.tcl
current_wave_config {Untitled 3}
add_wave {{/testbench/uut/state}} 
current_wave_config {Untitled 3}
add_wave {{/testbench/uut/NextState}} 
current_wave_config {Untitled 3}
add_wave {{/testbench/uut/Delay_Counter}} 
relaunch_sim
save_wave_config {C:/Users/13677/Desktop/2020 Autumn Semester/Analog and digital circuits/digital project/aaaaa/testbench_behav.wcfg}
add_files -fileset sim_1 -norecurse {{C:/Users/13677/Desktop/2020 Autumn Semester/Analog and digital circuits/digital project/aaaaa/testbench_behav.wcfg}}
set_property xsim.view {{C:/Users/13677/Desktop/2020 Autumn Semester/Analog and digital circuits/digital project/aaaaa/testbench_behav.wcfg}} [get_filesets sim_1]
close_sim
